src/pages/student/StudentDashboard.tsx(6,8): error TS2792: Cannot find module 'lucide-react'. Did you mean to set the 'moduleResolution' option to 'nodenext', or to add aliases to the 'paths' option?
src/pages/student/StudentDashboard.tsx(7,24): error TS2792: Cannot find module 'framer-motion'. Did you mean to set the 'moduleResolution' option to 'nodenext', or to add aliases to the 'paths' option?
src/pages/student/StudentDashboard.tsx(8,34): error TS2792: Cannot find module '@/hooks/useAnnouncements'. Did you mean to set the 'moduleResolution' option to 'nodenext', or to add aliases to the 'paths' option?
src/pages/student/StudentDashboard.tsx(9,30): error TS2792: Cannot find module '@/store/authStore'. Did you mean to set the 'moduleResolution' option to 'nodenext', or to add aliases to the 'paths' option?
src/pages/student/StudentDashboard.tsx(11,29): error TS2792: Cannot find module 'react-router-dom'. Did you mean to set the 'moduleResolution' option to 'nodenext', or to add aliases to the 'paths' option?
src/pages/student/StudentDashboard.tsx(12,32): error TS2792: Cannot find module '@/components/RequestChangeModal'. Did you mean to set the 'moduleResolution' option to 'nodenext', or to add aliases to the 'paths' option?
src/pages/student/StudentDashboard.tsx(13,29): error TS2792: Cannot find module '@/hooks/useSettings'. Did you mean to set the 'moduleResolution' option to 'nodenext', or to add aliases to the 'paths' option?
src/pages/student/StudentDashboard.tsx(14,19): error TS2792: Cannot find module 'react-hot-toast'. Did you mean to set the 'moduleResolution' option to 'nodenext', or to add aliases to the 'paths' option?
src/pages/student/StudentDashboard.tsx(15,22): error TS2792: Cannot find module '@/types'. Did you mean to set the 'moduleResolution' option to 'nodenext', or to add aliases to the 'paths' option?
src/pages/student/StudentDashboard.tsx(104,9): error TS2339: Property 'div' does not exist on type 'JSX.IntrinsicElements'.
src/pages/student/StudentDashboard.tsx(105,9): error TS2339: Property 'div' does not exist on type 'JSX.IntrinsicElements'.
src/pages/student/StudentDashboard.tsx(107,17): error TS2339: Property 'div' does not exist on type 'JSX.IntrinsicElements'.
src/pages/student/StudentDashboard.tsx(108,21): error TS2339: Property 'div' does not exist on type 'JSX.IntrinsicElements'.
src/pages/student/StudentDashboard.tsx(109,25): error TS2339: Property 'div' does not exist on type 'JSX.IntrinsicElements'.
src/pages/student/StudentDashboard.tsx(110,29): error TS2339: Property 'div' does not exist on type 'JSX.IntrinsicElements'.
src/pages/student/StudentDashboard.tsx(111,33): error TS2339: Property 'img' does not exist on type 'JSX.IntrinsicElements'.
src/pages/student/StudentDashboard.tsx(112,29): error TS2339: Property 'div' does not exist on type 'JSX.IntrinsicElements'.
src/pages/student/StudentDashboard.tsx(113,29): error TS2339: Property 'div' does not exist on type 'JSX.IntrinsicElements'.
src/pages/student/StudentDashboard.tsx(114,33): error TS2339: Property 'div' does not exist on type 'JSX.IntrinsicElements'.
src/pages/student/StudentDashboard.tsx(115,37): error TS2339: Property 'div' does not exist on type 'JSX.IntrinsicElements'.
src/pages/student/StudentDashboard.tsx(116,41): error TS2339: Property 'img' does not exist on type 'JSX.IntrinsicElements'.
src/pages/student/StudentDashboard.tsx(117,37): error TS2339: Property 'div' does not exist on type 'JSX.IntrinsicElements'.
src/pages/student/StudentDashboard.tsx(118,37): error TS2339: Property 'span' does not exist on type 'JSX.IntrinsicElements'.
src/pages/student/StudentDashboard.tsx(118,79): error TS2339: Property 'span' does not exist on type 'JSX.IntrinsicElements'.
src/pages/student/StudentDashboard.tsx(119,37): error TS2339: Property 'span' does not exist on type 'JSX.IntrinsicElements'.
src/pages/student/StudentDashboard.tsx(119,70): error TS2339: Property 'span' does not exist on type 'JSX.IntrinsicElements'.
src/pages/student/StudentDashboard.tsx(120,37): error TS2339: Property 'span' does not exist on type 'JSX.IntrinsicElements'.
src/pages/student/StudentDashboard.tsx(120,64): error TS2339: Property 'span' does not exist on type 'JSX.IntrinsicElements'.
src/pages/student/StudentDashboard.tsx(121,33): error TS2339: Property 'div' does not exist on type 'JSX.IntrinsicElements'.
src/pages/student/StudentDashboard.tsx(122,33): error TS2339: Property 'h1' does not exist on type 'JSX.IntrinsicElements'.
src/pages/student/StudentDashboard.tsx(124,33): error TS2339: Property 'span' does not exist on type 'JSX.IntrinsicElements'.
src/pages/student/StudentDashboard.tsx(126,33): error TS2339: Property 'span' does not exist on type 'JSX.IntrinsicElements'.
src/pages/student/StudentDashboard.tsx(127,29): error TS2339: Property 'h1' does not exist on type 'JSX.IntrinsicElements'.
src/pages/student/StudentDashboard.tsx(128,29): error TS2339: Property 'p' does not exist on type 'JSX.IntrinsicElements'.
src/pages/student/StudentDashboard.tsx(130,29): error TS2339: Property 'p' does not exist on type 'JSX.IntrinsicElements'.
src/pages/student/StudentDashboard.tsx(131,29): error TS2339: Property 'div' does not exist on type 'JSX.IntrinsicElements'.
src/pages/student/StudentDashboard.tsx(132,21): error TS2339: Property 'div' does not exist on type 'JSX.IntrinsicElements'.
src/pages/student/StudentDashboard.tsx(145,21): error TS2339: Property 'div' does not exist on type 'JSX.IntrinsicElements'.
src/pages/student/StudentDashboard.tsx(146,17): error TS2339: Property 'div' does not exist on type 'JSX.IntrinsicElements'.
src/pages/student/StudentDashboard.tsx(151,17): error TS2339: Property 'div' does not exist on type 'JSX.IntrinsicElements'.
src/pages/student/StudentDashboard.tsx(160,29): error TS2339: Property 'div' does not exist on type 'JSX.IntrinsicElements'.
src/pages/student/StudentDashboard.tsx(161,33): error TS2339: Property 'div' does not exist on type 'JSX.IntrinsicElements'.
src/pages/student/StudentDashboard.tsx(163,33): error TS2339: Property 'div' does not exist on type 'JSX.IntrinsicElements'.
src/pages/student/StudentDashboard.tsx(164,33): error TS2339: Property 'div' does not exist on type 'JSX.IntrinsicElements'.
src/pages/student/StudentDashboard.tsx(165,29): error TS2339: Property 'div' does not exist on type 'JSX.IntrinsicElements'.
src/pages/student/StudentDashboard.tsx(166,29): error TS2339: Property 'p' does not exist on type 'JSX.IntrinsicElements'.
src/pages/student/StudentDashboard.tsx(166,108): error TS2339: Property 'p' does not exist on type 'JSX.IntrinsicElements'.
src/pages/student/StudentDashboard.tsx(167,29): error TS2339: Property 'p' does not exist on type 'JSX.IntrinsicElements'.
src/pages/student/StudentDashboard.tsx(167,120): error TS2339: Property 'p' does not exist on type 'JSX.IntrinsicElements'.
src/pages/student/StudentDashboard.tsx(169,33): error TS2339: Property 'p' does not exist on type 'JSX.IntrinsicElements'.
src/pages/student/StudentDashboard.tsx(169,90): error TS2339: Property 'p' does not exist on type 'JSX.IntrinsicElements'.
src/pages/student/StudentDashboard.tsx(173,17): error TS2339: Property 'div' does not exist on type 'JSX.IntrinsicElements'.
src/pages/student/StudentDashboard.tsx(182,25): error TS2339: Property 'div' does not exist on type 'JSX.IntrinsicElements'.
src/pages/student/StudentDashboard.tsx(183,29): error TS2339: Property 'div' does not exist on type 'JSX.IntrinsicElements'.
src/pages/student/StudentDashboard.tsx(184,33): error TS2339: Property 'div' does not exist on type 'JSX.IntrinsicElements'.
src/pages/student/StudentDashboard.tsx(186,33): error TS2339: Property 'div' does not exist on type 'JSX.IntrinsicElements'.
src/pages/student/StudentDashboard.tsx(187,33): error TS2339: Property 'div' does not exist on type 'JSX.IntrinsicElements'.
src/pages/student/StudentDashboard.tsx(188,37): error TS2339: Property 'p' does not exist on type 'JSX.IntrinsicElements'.
src/pages/student/StudentDashboard.tsx(188,117): error TS2339: Property 'p' does not exist on type 'JSX.IntrinsicElements'.
src/pages/student/StudentDashboard.tsx(189,37): error TS2339: Property 'p' does not exist on type 'JSX.IntrinsicElements'.
src/pages/student/StudentDashboard.tsx(189,127): error TS2339: Property 'p' does not exist on type 'JSX.IntrinsicElements'.
src/pages/student/StudentDashboard.tsx(190,33): error TS2339: Property 'div' does not exist on type 'JSX.IntrinsicElements'.
src/pages/student/StudentDashboard.tsx(191,29): error TS2339: Property 'div' does not exist on type 'JSX.IntrinsicElements'.
src/pages/student/StudentDashboard.tsx(192,29): error TS2339: Property 'button' does not exist on type 'JSX.IntrinsicElements'.
src/pages/student/StudentDashboard.tsx(205,29): error TS2339: Property 'button' does not exist on type 'JSX.IntrinsicElements'.
src/pages/student/StudentDashboard.tsx(206,25): error TS2339: Property 'div' does not exist on type 'JSX.IntrinsicElements'.
src/pages/student/StudentDashboard.tsx(211,17): error TS2339: Property 'div' does not exist on type 'JSX.IntrinsicElements'.
src/pages/student/StudentDashboard.tsx(214,25): error TS2339: Property 'div' does not exist on type 'JSX.IntrinsicElements'.
src/pages/student/StudentDashboard.tsx(215,29): error TS2339: Property 'div' does not exist on type 'JSX.IntrinsicElements'.
src/pages/student/StudentDashboard.tsx(216,33): error TS2339: Property 'div' does not exist on type 'JSX.IntrinsicElements'.
src/pages/student/StudentDashboard.tsx(217,37): error TS2339: Property 'div' does not exist on type 'JSX.IntrinsicElements'.
src/pages/student/StudentDashboard.tsx(219,37): error TS2339: Property 'div' does not exist on type 'JSX.IntrinsicElements'.
src/pages/student/StudentDashboard.tsx(220,37): error TS2339: Property 'div' does not exist on type 'JSX.IntrinsicElements'.
src/pages/student/StudentDashboard.tsx(221,41): error TS2339: Property 'p' does not exist on type 'JSX.IntrinsicElements'.
src/pages/student/StudentDashboard.tsx(221,112): error TS2339: Property 'p' does not exist on type 'JSX.IntrinsicElements'.
src/pages/student/StudentDashboard.tsx(222,41): error TS2339: Property 'p' does not exist on type 'JSX.IntrinsicElements'.
src/pages/student/StudentDashboard.tsx(222,121): error TS2339: Property 'p' does not exist on type 'JSX.IntrinsicElements'.
src/pages/student/StudentDashboard.tsx(223,37): error TS2339: Property 'div' does not exist on type 'JSX.IntrinsicElements'.
src/pages/student/StudentDashboard.tsx(224,33): error TS2339: Property 'div' does not exist on type 'JSX.IntrinsicElements'.
src/pages/student/StudentDashboard.tsx(225,33): error TS2339: Property 'button' does not exist on type 'JSX.IntrinsicElements'.
src/pages/student/StudentDashboard.tsx(230,33): error TS2339: Property 'button' does not exist on type 'JSX.IntrinsicElements'.
src/pages/student/StudentDashboard.tsx(231,29): error TS2339: Property 'div' does not exist on type 'JSX.IntrinsicElements'.
src/pages/student/StudentDashboard.tsx(232,25): error TS2339: Property 'div' does not exist on type 'JSX.IntrinsicElements'.
src/pages/student/StudentDashboard.tsx(237,25): error TS2339: Property 'div' does not exist on type 'JSX.IntrinsicElements'.
src/pages/student/StudentDashboard.tsx(238,29): error TS2339: Property 'div' does not exist on type 'JSX.IntrinsicElements'.
src/pages/student/StudentDashboard.tsx(239,33): error TS2339: Property 'div' does not exist on type 'JSX.IntrinsicElements'.
src/pages/student/StudentDashboard.tsx(240,37): error TS2339: Property 'div' does not exist on type 'JSX.IntrinsicElements'.
src/pages/student/StudentDashboard.tsx(242,37): error TS2339: Property 'div' does not exist on type 'JSX.IntrinsicElements'.
src/pages/student/StudentDashboard.tsx(243,37): error TS2339: Property 'div' does not exist on type 'JSX.IntrinsicElements'.
src/pages/student/StudentDashboard.tsx(244,41): error TS2339: Property 'p' does not exist on type 'JSX.IntrinsicElements'.
src/pages/student/StudentDashboard.tsx(244,116): error TS2339: Property 'p' does not exist on type 'JSX.IntrinsicElements'.
src/pages/student/StudentDashboard.tsx(245,41): error TS2339: Property 'p' does not exist on type 'JSX.IntrinsicElements'.
src/pages/student/StudentDashboard.tsx(245,116): error TS2339: Property 'p' does not exist on type 'JSX.IntrinsicElements'.
src/pages/student/StudentDashboard.tsx(246,37): error TS2339: Property 'div' does not exist on type 'JSX.IntrinsicElements'.
src/pages/student/StudentDashboard.tsx(247,33): error TS2339: Property 'div' does not exist on type 'JSX.IntrinsicElements'.
src/pages/student/StudentDashboard.tsx(248,33): error TS2339: Property 'button' does not exist on type 'JSX.IntrinsicElements'.
src/pages/student/StudentDashboard.tsx(253,33): error TS2339: Property 'button' does not exist on type 'JSX.IntrinsicElements'.
src/pages/student/StudentDashboard.tsx(254,29): error TS2339: Property 'div' does not exist on type 'JSX.IntrinsicElements'.
src/pages/student/StudentDashboard.tsx(255,25): error TS2339: Property 'div' does not exist on type 'JSX.IntrinsicElements'.
src/pages/student/StudentDashboard.tsx(260,25): error TS2339: Property 'div' does not exist on type 'JSX.IntrinsicElements'.
src/pages/student/StudentDashboard.tsx(261,29): error TS2339: Property 'div' does not exist on type 'JSX.IntrinsicElements'.
src/pages/student/StudentDashboard.tsx(262,33): error TS2339: Property 'div' does not exist on type 'JSX.IntrinsicElements'.
src/pages/student/StudentDashboard.tsx(263,37): error TS2339: Property 'div' does not exist on type 'JSX.IntrinsicElements'.
src/pages/student/StudentDashboard.tsx(265,37): error TS2339: Property 'div' does not exist on type 'JSX.IntrinsicElements'.
src/pages/student/StudentDashboard.tsx(266,37): error TS2339: Property 'div' does not exist on type 'JSX.IntrinsicElements'.
src/pages/student/StudentDashboard.tsx(267,41): error TS2339: Property 'p' does not exist on type 'JSX.IntrinsicElements'.
src/pages/student/StudentDashboard.tsx(267,112): error TS2339: Property 'p' does not exist on type 'JSX.IntrinsicElements'.
src/pages/student/StudentDashboard.tsx(268,41): error TS2339: Property 'p' does not exist on type 'JSX.IntrinsicElements'.
src/pages/student/StudentDashboard.tsx(268,129): error TS2339: Property 'p' does not exist on type 'JSX.IntrinsicElements'.
src/pages/student/StudentDashboard.tsx(269,37): error TS2339: Property 'div' does not exist on type 'JSX.IntrinsicElements'.
src/pages/student/StudentDashboard.tsx(270,33): error TS2339: Property 'div' does not exist on type 'JSX.IntrinsicElements'.
src/pages/student/StudentDashboard.tsx(271,33): error TS2339: Property 'div' does not exist on type 'JSX.IntrinsicElements'.
src/pages/student/StudentDashboard.tsx(272,37): error TS2339: Property 'button' does not exist on type 'JSX.IntrinsicElements'.
src/pages/student/StudentDashboard.tsx(277,37): error TS2339: Property 'button' does not exist on type 'JSX.IntrinsicElements'.
src/pages/student/StudentDashboard.tsx(278,37): error TS2339: Property 'button' does not exist on type 'JSX.IntrinsicElements'.
src/pages/student/StudentDashboard.tsx(283,37): error TS2339: Property 'button' does not exist on type 'JSX.IntrinsicElements'.
src/pages/student/StudentDashboard.tsx(284,33): error TS2339: Property 'div' does not exist on type 'JSX.IntrinsicElements'.
src/pages/student/StudentDashboard.tsx(285,29): error TS2339: Property 'div' does not exist on type 'JSX.IntrinsicElements'.
src/pages/student/StudentDashboard.tsx(286,25): error TS2339: Property 'div' does not exist on type 'JSX.IntrinsicElements'.
src/pages/student/StudentDashboard.tsx(288,17): error TS2339: Property 'div' does not exist on type 'JSX.IntrinsicElements'.
src/pages/student/StudentDashboard.tsx(291,17): error TS2339: Property 'div' does not exist on type 'JSX.IntrinsicElements'.
src/pages/student/StudentDashboard.tsx(293,21): error TS2339: Property 'div' does not exist on type 'JSX.IntrinsicElements'.
src/pages/student/StudentDashboard.tsx(295,25): error TS2339: Property 'div' does not exist on type 'JSX.IntrinsicElements'.
src/pages/student/StudentDashboard.tsx(296,29): error TS2339: Property 'div' does not exist on type 'JSX.IntrinsicElements'.
src/pages/student/StudentDashboard.tsx(297,33): error TS2339: Property 'div' does not exist on type 'JSX.IntrinsicElements'.
src/pages/student/StudentDashboard.tsx(299,37): error TS2339: Property 'h2' does not exist on type 'JSX.IntrinsicElements'.
src/pages/student/StudentDashboard.tsx(299,130): error TS2339: Property 'h2' does not exist on type 'JSX.IntrinsicElements'.
src/pages/student/StudentDashboard.tsx(300,33): error TS2339: Property 'div' does not exist on type 'JSX.IntrinsicElements'.
src/pages/student/StudentDashboard.tsx(301,29): error TS2339: Property 'div' does not exist on type 'JSX.IntrinsicElements'.
src/pages/student/StudentDashboard.tsx(303,29): error TS2339: Property 'div' does not exist on type 'JSX.IntrinsicElements'.
src/pages/student/StudentDashboard.tsx(305,37): error TS2339: Property 'div' does not exist on type 'JSX.IntrinsicElements'.
src/pages/student/StudentDashboard.tsx(306,41): error TS2339: Property 'div' does not exist on type 'JSX.IntrinsicElements'.
src/pages/student/StudentDashboard.tsx(307,45): error TS2339: Property 'div' does not exist on type 'JSX.IntrinsicElements'.
src/pages/student/StudentDashboard.tsx(308,49): error TS2339: Property 'p' does not exist on type 'JSX.IntrinsicElements'.
src/pages/student/StudentDashboard.tsx(308,127): error TS2339: Property 'p' does not exist on type 'JSX.IntrinsicElements'.
src/pages/student/StudentDashboard.tsx(309,49): error TS2339: Property 'p' does not exist on type 'JSX.IntrinsicElements'.
src/pages/student/StudentDashboard.tsx(311,53): error TS2339: Property 'span' does not exist on type 'JSX.IntrinsicElements'.
src/pages/student/StudentDashboard.tsx(313,53): error TS2339: Property 'span' does not exist on type 'JSX.IntrinsicElements'.
src/pages/student/StudentDashboard.tsx(314,49): error TS2339: Property 'p' does not exist on type 'JSX.IntrinsicElements'.
src/pages/student/StudentDashboard.tsx(315,45): error TS2339: Property 'div' does not exist on type 'JSX.IntrinsicElements'.
src/pages/student/StudentDashboard.tsx(316,45): error TS2339: Property 'div' does not exist on type 'JSX.IntrinsicElements'.
src/pages/student/StudentDashboard.tsx(317,49): error TS2339: Property 'p' does not exist on type 'JSX.IntrinsicElements'.
src/pages/student/StudentDashboard.tsx(317,122): error TS2339: Property 'p' does not exist on type 'JSX.IntrinsicElements'.
src/pages/student/StudentDashboard.tsx(318,49): error TS2339: Property 'span' does not exist on type 'JSX.IntrinsicElements'.
src/pages/student/StudentDashboard.tsx(323,49): error TS2339: Property 'span' does not exist on type 'JSX.IntrinsicElements'.
src/pages/student/StudentDashboard.tsx(324,45): error TS2339: Property 'div' does not exist on type 'JSX.IntrinsicElements'.
src/pages/student/StudentDashboard.tsx(325,41): error TS2339: Property 'div' does not exist on type 'JSX.IntrinsicElements'.
src/pages/student/StudentDashboard.tsx(327,41): error TS2339: Property 'div' does not exist on type 'JSX.IntrinsicElements'.
src/pages/student/StudentDashboard.tsx(328,45): error TS2339: Property 'div' does not exist on type 'JSX.IntrinsicElements'.
src/pages/student/StudentDashboard.tsx(329,49): error TS2339: Property 'p' does not exist on type 'JSX.IntrinsicElements'.
src/pages/student/StudentDashboard.tsx(329,95): error TS2339: Property 'p' does not exist on type 'JSX.IntrinsicElements'.
src/pages/student/StudentDashboard.tsx(330,49): error TS2339: Property 'p' does not exist on type 'JSX.IntrinsicElements'.
src/pages/student/StudentDashboard.tsx(330,122): error TS2339: Property 'p' does not exist on type 'JSX.IntrinsicElements'.
src/pages/student/StudentDashboard.tsx(331,45): error TS2339: Property 'div' does not exist on type 'JSX.IntrinsicElements'.
src/pages/student/StudentDashboard.tsx(332,45): error TS2339: Property 'div' does not exist on type 'JSX.IntrinsicElements'.
src/pages/student/StudentDashboard.tsx(333,49): error TS2339: Property 'p' does not exist on type 'JSX.IntrinsicElements'.
src/pages/student/StudentDashboard.tsx(333,93): error TS2339: Property 'p' does not exist on type 'JSX.IntrinsicElements'.
src/pages/student/StudentDashboard.tsx(334,49): error TS2339: Property 'p' does not exist on type 'JSX.IntrinsicElements'.
src/pages/student/StudentDashboard.tsx(334,145): error TS2339: Property 'p' does not exist on type 'JSX.IntrinsicElements'.
src/pages/student/StudentDashboard.tsx(335,45): error TS2339: Property 'div' does not exist on type 'JSX.IntrinsicElements'.
src/pages/student/StudentDashboard.tsx(336,45): error TS2339: Property 'div' does not exist on type 'JSX.IntrinsicElements'.
src/pages/student/StudentDashboard.tsx(337,49): error TS2339: Property 'p' does not exist on type 'JSX.IntrinsicElements'.
src/pages/student/StudentDashboard.tsx(337,91): error TS2339: Property 'p' does not exist on type 'JSX.IntrinsicElements'.
src/pages/student/StudentDashboard.tsx(338,49): error TS2339: Property 'p' does not exist on type 'JSX.IntrinsicElements'.
src/pages/student/StudentDashboard.tsx(338,115): error TS2339: Property 'p' does not exist on type 'JSX.IntrinsicElements'.
src/pages/student/StudentDashboard.tsx(339,45): error TS2339: Property 'div' does not exist on type 'JSX.IntrinsicElements'.
src/pages/student/StudentDashboard.tsx(340,41): error TS2339: Property 'div' does not exist on type 'JSX.IntrinsicElements'.
src/pages/student/StudentDashboard.tsx(343,45): error TS2339: Property 'div' does not exist on type 'JSX.IntrinsicElements'.
src/pages/student/StudentDashboard.tsx(344,49): error TS2339: Property 'p' does not exist on type 'JSX.IntrinsicElements'.
src/pages/student/StudentDashboard.tsx(344,132): error TS2339: Property 'p' does not exist on type 'JSX.IntrinsicElements'.
src/pages/student/StudentDashboard.tsx(345,49): error TS2339: Property 'div' does not exist on type 'JSX.IntrinsicElements'.
src/pages/student/StudentDashboard.tsx(349,61): error TS2339: Property 'div' does not exist on type 'JSX.IntrinsicElements'.
src/pages/student/StudentDashboard.tsx(350,65): error TS2339: Property 'div' does not exist on type 'JSX.IntrinsicElements'.
src/pages/student/StudentDashboard.tsx(351,69): error TS2339: Property 'span' does not exist on type 'JSX.IntrinsicElements'.
src/pages/student/StudentDashboard.tsx(353,69): error TS2339: Property 'span' does not exist on type 'JSX.IntrinsicElements'.
src/pages/student/StudentDashboard.tsx(354,65): error TS2339: Property 'div' does not exist on type 'JSX.IntrinsicElements'.
src/pages/student/StudentDashboard.tsx(355,65): error TS2339: Property 'span' does not exist on type 'JSX.IntrinsicElements'.
src/pages/student/StudentDashboard.tsx(355,120): error TS2339: Property 'span' does not exist on type 'JSX.IntrinsicElements'.
src/pages/student/StudentDashboard.tsx(356,61): error TS2339: Property 'div' does not exist on type 'JSX.IntrinsicElements'.
src/pages/student/StudentDashboard.tsx(358,49): error TS2339: Property 'div' does not exist on type 'JSX.IntrinsicElements'.
src/pages/student/StudentDashboard.tsx(359,45): error TS2339: Property 'div' does not exist on type 'JSX.IntrinsicElements'.
src/pages/student/StudentDashboard.tsx(361,37): error TS2339: Property 'div' does not exist on type 'JSX.IntrinsicElements'.
src/pages/student/StudentDashboard.tsx(363,37): error TS2339: Property 'div' does not exist on type 'JSX.IntrinsicElements'.
src/pages/student/StudentDashboard.tsx(364,41): error TS2339: Property 'div' does not exist on type 'JSX.IntrinsicElements'.
src/pages/student/StudentDashboard.tsx(366,41): error TS2339: Property 'div' does not exist on type 'JSX.IntrinsicElements'.
src/pages/student/StudentDashboard.tsx(367,41): error TS2339: Property 'p' does not exist on type 'JSX.IntrinsicElements'.
src/pages/student/StudentDashboard.tsx(367,103): error TS2339: Property 'p' does not exist on type 'JSX.IntrinsicElements'.
src/pages/student/StudentDashboard.tsx(368,41): error TS2339: Property 'button' does not exist on type 'JSX.IntrinsicElements'.
src/pages/student/StudentDashboard.tsx(374,41): error TS2339: Property 'button' does not exist on type 'JSX.IntrinsicElements'.
src/pages/student/StudentDashboard.tsx(375,37): error TS2339: Property 'div' does not exist on type 'JSX.IntrinsicElements'.
src/pages/student/StudentDashboard.tsx(377,29): error TS2339: Property 'div' does not exist on type 'JSX.IntrinsicElements'.
src/pages/student/StudentDashboard.tsx(378,25): error TS2339: Property 'div' does not exist on type 'JSX.IntrinsicElements'.
src/pages/student/StudentDashboard.tsx(382,29): error TS2339: Property 'div' does not exist on type 'JSX.IntrinsicElements'.
src/pages/student/StudentDashboard.tsx(383,33): error TS2339: Property 'div' does not exist on type 'JSX.IntrinsicElements'.
src/pages/student/StudentDashboard.tsx(384,33): error TS2339: Property 'div' does not exist on type 'JSX.IntrinsicElements'.
src/pages/student/StudentDashboard.tsx(385,33): error TS2339: Property 'div' does not exist on type 'JSX.IntrinsicElements'.
src/pages/student/StudentDashboard.tsx(386,37): error TS2339: Property 'div' does not exist on type 'JSX.IntrinsicElements'.
src/pages/student/StudentDashboard.tsx(387,41): error TS2339: Property 'div' does not exist on type 'JSX.IntrinsicElements'.
src/pages/student/StudentDashboard.tsx(389,41): error TS2339: Property 'div' does not exist on type 'JSX.IntrinsicElements'.
src/pages/student/StudentDashboard.tsx(390,41): error TS2339: Property 'span' does not exist on type 'JSX.IntrinsicElements'.
src/pages/student/StudentDashboard.tsx(392,41): error TS2339: Property 'span' does not exist on type 'JSX.IntrinsicElements'.
src/pages/student/StudentDashboard.tsx(393,37): error TS2339: Property 'div' does not exist on type 'JSX.IntrinsicElements'.
src/pages/student/StudentDashboard.tsx(394,37): error TS2339: Property 'h3' does not exist on type 'JSX.IntrinsicElements'.
src/pages/student/StudentDashboard.tsx(394,115): error TS2339: Property 'h3' does not exist on type 'JSX.IntrinsicElements'.
src/pages/student/StudentDashboard.tsx(395,37): error TS2339: Property 'p' does not exist on type 'JSX.IntrinsicElements'.
src/pages/student/StudentDashboard.tsx(395,116): error TS2339: Property 'p' does not exist on type 'JSX.IntrinsicElements'.
src/pages/student/StudentDashboard.tsx(396,33): error TS2339: Property 'div' does not exist on type 'JSX.IntrinsicElements'.
src/pages/student/StudentDashboard.tsx(397,29): error TS2339: Property 'div' does not exist on type 'JSX.IntrinsicElements'.
src/pages/student/StudentDashboard.tsx(399,21): error TS2339: Property 'div' does not exist on type 'JSX.IntrinsicElements'.
src/pages/student/StudentDashboard.tsx(402,21): error TS2339: Property 'div' does not exist on type 'JSX.IntrinsicElements'.
src/pages/student/StudentDashboard.tsx(404,25): error TS2339: Property 'div' does not exist on type 'JSX.IntrinsicElements'.
src/pages/student/StudentDashboard.tsx(405,29): error TS2339: Property 'div' does not exist on type 'JSX.IntrinsicElements'.
src/pages/student/StudentDashboard.tsx(406,33): error TS2339: Property 'div' does not exist on type 'JSX.IntrinsicElements'.
src/pages/student/StudentDashboard.tsx(408,37): error TS2339: Property 'h2' does not exist on type 'JSX.IntrinsicElements'.
src/pages/student/StudentDashboard.tsx(408,123): error TS2339: Property 'h2' does not exist on type 'JSX.IntrinsicElements'.
src/pages/student/StudentDashboard.tsx(409,33): error TS2339: Property 'div' does not exist on type 'JSX.IntrinsicElements'.
src/pages/student/StudentDashboard.tsx(410,29): error TS2339: Property 'div' does not exist on type 'JSX.IntrinsicElements'.
src/pages/student/StudentDashboard.tsx(411,29): error TS2339: Property 'div' does not exist on type 'JSX.IntrinsicElements'.
src/pages/student/StudentDashboard.tsx(412,33): error TS2339: Property 'div' does not exist on type 'JSX.IntrinsicElements'.
src/pages/student/StudentDashboard.tsx(413,37): error TS2339: Property 'div' does not exist on type 'JSX.IntrinsicElements'.
src/pages/student/StudentDashboard.tsx(414,41): error TS2339: Property 'span' does not exist on type 'JSX.IntrinsicElements'.
src/pages/student/StudentDashboard.tsx(414,68): error TS2339: Property 'span' does not exist on type 'JSX.IntrinsicElements'.
src/pages/student/StudentDashboard.tsx(415,41): error TS2339: Property 'span' does not exist on type 'JSX.IntrinsicElements'.
src/pages/student/StudentDashboard.tsx(415,120): error TS2339: Property 'span' does not exist on type 'JSX.IntrinsicElements'.
src/pages/student/StudentDashboard.tsx(416,37): error TS2339: Property 'div' does not exist on type 'JSX.IntrinsicElements'.
src/pages/student/StudentDashboard.tsx(417,37): error TS2339: Property 'div' does not exist on type 'JSX.IntrinsicElements'.
src/pages/student/StudentDashboard.tsx(424,37): error TS2339: Property 'div' does not exist on type 'JSX.IntrinsicElements'.
src/pages/student/StudentDashboard.tsx(425,33): error TS2339: Property 'div' does not exist on type 'JSX.IntrinsicElements'.
src/pages/student/StudentDashboard.tsx(427,33): error TS2339: Property 'div' does not exist on type 'JSX.IntrinsicElements'.
src/pages/student/StudentDashboard.tsx(428,37): error TS2339: Property 'div' does not exist on type 'JSX.IntrinsicElements'.
src/pages/student/StudentDashboard.tsx(429,41): error TS2339: Property 'div' does not exist on type 'JSX.IntrinsicElements'.
src/pages/student/StudentDashboard.tsx(431,45): error TS2339: Property 'span' does not exist on type 'JSX.IntrinsicElements'.
src/pages/student/StudentDashboard.tsx(431,93): error TS2339: Property 'span' does not exist on type 'JSX.IntrinsicElements'.
src/pages/student/StudentDashboard.tsx(432,41): error TS2339: Property 'div' does not exist on type 'JSX.IntrinsicElements'.
src/pages/student/StudentDashboard.tsx(434,45): error TS2339: Property 'span' does not exist on type 'JSX.IntrinsicElements'.
src/pages/student/StudentDashboard.tsx(436,45): error TS2339: Property 'span' does not exist on type 'JSX.IntrinsicElements'.
src/pages/student/StudentDashboard.tsx(438,45): error TS2339: Property 'span' does not exist on type 'JSX.IntrinsicElements'.
src/pages/student/StudentDashboard.tsx(438,93): error TS2339: Property 'span' does not exist on type 'JSX.IntrinsicElements'.
src/pages/student/StudentDashboard.tsx(440,37): error TS2339: Property 'div' does not exist on type 'JSX.IntrinsicElements'.
src/pages/student/StudentDashboard.tsx(441,37): error TS2339: Property 'div' does not exist on type 'JSX.IntrinsicElements'.
src/pages/student/StudentDashboard.tsx(442,41): error TS2339: Property 'div' does not exist on type 'JSX.IntrinsicElements'.
src/pages/student/StudentDashboard.tsx(444,45): error TS2339: Property 'span' does not exist on type 'JSX.IntrinsicElements'.
src/pages/student/StudentDashboard.tsx(444,101): error TS2339: Property 'span' does not exist on type 'JSX.IntrinsicElements'.
src/pages/student/StudentDashboard.tsx(445,41): error TS2339: Property 'div' does not exist on type 'JSX.IntrinsicElements'.
src/pages/student/StudentDashboard.tsx(447,45): error TS2339: Property 'span' does not exist on type 'JSX.IntrinsicElements'.
src/pages/student/StudentDashboard.tsx(449,45): error TS2339: Property 'span' does not exist on type 'JSX.IntrinsicElements'.
src/pages/student/StudentDashboard.tsx(451,45): error TS2339: Property 'span' does not exist on type 'JSX.IntrinsicElements'.
src/pages/student/StudentDashboard.tsx(451,93): error TS2339: Property 'span' does not exist on type 'JSX.IntrinsicElements'.
src/pages/student/StudentDashboard.tsx(453,37): error TS2339: Property 'div' does not exist on type 'JSX.IntrinsicElements'.
src/pages/student/StudentDashboard.tsx(454,37): error TS2339: Property 'div' does not exist on type 'JSX.IntrinsicElements'.
src/pages/student/StudentDashboard.tsx(455,41): error TS2339: Property 'div' does not exist on type 'JSX.IntrinsicElements'.
src/pages/student/StudentDashboard.tsx(457,45): error TS2339: Property 'span' does not exist on type 'JSX.IntrinsicElements'.
src/pages/student/StudentDashboard.tsx(457,98): error TS2339: Property 'span' does not exist on type 'JSX.IntrinsicElements'.
src/pages/student/StudentDashboard.tsx(458,41): error TS2339: Property 'div' does not exist on type 'JSX.IntrinsicElements'.
src/pages/student/StudentDashboard.tsx(460,45): error TS2339: Property 'span' does not exist on type 'JSX.IntrinsicElements'.
src/pages/student/StudentDashboard.tsx(462,45): error TS2339: Property 'span' does not exist on type 'JSX.IntrinsicElements'.
src/pages/student/StudentDashboard.tsx(464,45): error TS2339: Property 'span' does not exist on type 'JSX.IntrinsicElements'.
src/pages/student/StudentDashboard.tsx(464,93): error TS2339: Property 'span' does not exist on type 'JSX.IntrinsicElements'.
src/pages/student/StudentDashboard.tsx(466,37): error TS2339: Property 'div' does not exist on type 'JSX.IntrinsicElements'.
src/pages/student/StudentDashboard.tsx(467,33): error TS2339: Property 'div' does not exist on type 'JSX.IntrinsicElements'.
src/pages/student/StudentDashboard.tsx(470,37): error TS2339: Property 'button' does not exist on type 'JSX.IntrinsicElements'.
src/pages/student/StudentDashboard.tsx(475,37): error TS2339: Property 'button' does not exist on type 'JSX.IntrinsicElements'.
src/pages/student/StudentDashboard.tsx(477,37): error TS2339: Property 'div' does not exist on type 'JSX.IntrinsicElements'.
src/pages/student/StudentDashboard.tsx(479,41): error TS2339: Property 'span' does not exist on type 'JSX.IntrinsicElements'.
src/pages/student/StudentDashboard.tsx(479,69): error TS2339: Property 'span' does not exist on type 'JSX.IntrinsicElements'.
src/pages/student/StudentDashboard.tsx(480,37): error TS2339: Property 'div' does not exist on type 'JSX.IntrinsicElements'.
src/pages/student/StudentDashboard.tsx(482,29): error TS2339: Property 'div' does not exist on type 'JSX.IntrinsicElements'.
src/pages/student/StudentDashboard.tsx(483,25): error TS2339: Property 'div' does not exist on type 'JSX.IntrinsicElements'.
src/pages/student/StudentDashboard.tsx(486,25): error TS2339: Property 'div' does not exist on type 'JSX.IntrinsicElements'.
src/pages/student/StudentDashboard.tsx(487,29): error TS2339: Property 'div' does not exist on type 'JSX.IntrinsicElements'.
src/pages/student/StudentDashboard.tsx(488,33): error TS2339: Property 'div' does not exist on type 'JSX.IntrinsicElements'.
src/pages/student/StudentDashboard.tsx(490,37): error TS2339: Property 'h2' does not exist on type 'JSX.IntrinsicElements'.
src/pages/student/StudentDashboard.tsx(490,129): error TS2339: Property 'h2' does not exist on type 'JSX.IntrinsicElements'.
src/pages/student/StudentDashboard.tsx(491,33): error TS2339: Property 'div' does not exist on type 'JSX.IntrinsicElements'.
src/pages/student/StudentDashboard.tsx(492,29): error TS2339: Property 'div' does not exist on type 'JSX.IntrinsicElements'.
src/pages/student/StudentDashboard.tsx(493,29): error TS2339: Property 'div' does not exist on type 'JSX.IntrinsicElements'.
src/pages/student/StudentDashboard.tsx(494,33): error TS2339: Property 'div' does not exist on type 'JSX.IntrinsicElements'.
src/pages/student/StudentDashboard.tsx(495,37): error TS2339: Property 'div' does not exist on type 'JSX.IntrinsicElements'.
src/pages/student/StudentDashboard.tsx(497,37): error TS2339: Property 'div' does not exist on type 'JSX.IntrinsicElements'.
src/pages/student/StudentDashboard.tsx(498,37): error TS2339: Property 'div' does not exist on type 'JSX.IntrinsicElements'.
src/pages/student/StudentDashboard.tsx(499,41): error TS2339: Property 'p' does not exist on type 'JSX.IntrinsicElements'.
src/pages/student/StudentDashboard.tsx(499,98): error TS2339: Property 'p' does not exist on type 'JSX.IntrinsicElements'.
src/pages/student/StudentDashboard.tsx(500,41): error TS2339: Property 'p' does not exist on type 'JSX.IntrinsicElements'.
src/pages/student/StudentDashboard.tsx(504,41): error TS2339: Property 'p' does not exist on type 'JSX.IntrinsicElements'.
src/pages/student/StudentDashboard.tsx(505,37): error TS2339: Property 'div' does not exist on type 'JSX.IntrinsicElements'.
src/pages/student/StudentDashboard.tsx(506,33): error TS2339: Property 'div' does not exist on type 'JSX.IntrinsicElements'.
src/pages/student/StudentDashboard.tsx(507,33): error TS2339: Property 'button' does not exist on type 'JSX.IntrinsicElements'.
src/pages/student/StudentDashboard.tsx(520,33): error TS2339: Property 'button' does not exist on type 'JSX.IntrinsicElements'.
src/pages/student/StudentDashboard.tsx(521,33): error TS2339: Property 'p' does not exist on type 'JSX.IntrinsicElements'.
src/pages/student/StudentDashboard.tsx(523,33): error TS2339: Property 'p' does not exist on type 'JSX.IntrinsicElements'.
src/pages/student/StudentDashboard.tsx(524,29): error TS2339: Property 'div' does not exist on type 'JSX.IntrinsicElements'.
src/pages/student/StudentDashboard.tsx(525,25): error TS2339: Property 'div' does not exist on type 'JSX.IntrinsicElements'.
src/pages/student/StudentDashboard.tsx(529,29): error TS2339: Property 'div' does not exist on type 'JSX.IntrinsicElements'.
src/pages/student/StudentDashboard.tsx(530,33): error TS2339: Property 'div' does not exist on type 'JSX.IntrinsicElements'.
src/pages/student/StudentDashboard.tsx(531,37): error TS2339: Property 'div' does not exist on type 'JSX.IntrinsicElements'.
src/pages/student/StudentDashboard.tsx(533,41): error TS2339: Property 'h2' does not exist on type 'JSX.IntrinsicElements'.
src/pages/student/StudentDashboard.tsx(533,131): error TS2339: Property 'h2' does not exist on type 'JSX.IntrinsicElements'.
src/pages/student/StudentDashboard.tsx(534,37): error TS2339: Property 'div' does not exist on type 'JSX.IntrinsicElements'.
src/pages/student/StudentDashboard.tsx(535,33): error TS2339: Property 'div' does not exist on type 'JSX.IntrinsicElements'.
src/pages/student/StudentDashboard.tsx(536,33): error TS2339: Property 'div' does not exist on type 'JSX.IntrinsicElements'.
src/pages/student/StudentDashboard.tsx(538,41): error TS2339: Property 'div' does not exist on type 'JSX.IntrinsicElements'.
src/pages/student/StudentDashboard.tsx(539,45): error TS2339: Property 'p' does not exist on type 'JSX.IntrinsicElements'.
src/pages/student/StudentDashboard.tsx(541,45): error TS2339: Property 'p' does not exist on type 'JSX.IntrinsicElements'.
src/pages/student/StudentDashboard.tsx(542,45): error TS2339: Property 'p' does not exist on type 'JSX.IntrinsicElements'.
src/pages/student/StudentDashboard.tsx(544,45): error TS2339: Property 'p' does not exist on type 'JSX.IntrinsicElements'.
src/pages/student/StudentDashboard.tsx(545,41): error TS2339: Property 'div' does not exist on type 'JSX.IntrinsicElements'.
src/pages/student/StudentDashboard.tsx(547,33): error TS2339: Property 'div' does not exist on type 'JSX.IntrinsicElements'.
src/pages/student/StudentDashboard.tsx(548,29): error TS2339: Property 'div' does not exist on type 'JSX.IntrinsicElements'.
src/pages/student/StudentDashboard.tsx(550,21): error TS2339: Property 'div' does not exist on type 'JSX.IntrinsicElements'.
src/pages/student/StudentDashboard.tsx(551,17): error TS2339: Property 'div' does not exist on type 'JSX.IntrinsicElements'.
src/pages/student/StudentDashboard.tsx(552,13): error TS2339: Property 'div' does not exist on type 'JSX.IntrinsicElements'.
src/pages/student/StudentDashboard.tsx(553,9): error TS2339: Property 'div' does not exist on type 'JSX.IntrinsicElements'.
